// Jest Snapshot v1, https://goo.gl/fbAQLP

exports[`<Chip /> accepts children 1`] = `
<div
  className="chip"
>
  <p
    className="child"
  >
    Child
  </p>
  <Icon
    className="close"
  >
    close
  </Icon>
</div>
`;

exports[`<Chip /> should render 1`] = `
<div
  className="chip"
/>
`;
